eeschema (2012-apr-16-27)-stable  >> Creation date: Wed 25 Jun 2014 03:08:19 PM CST

#Cmp ( order = Reference )
| C1         10uF        
| C2         0.1uF       
| C3         0.1uF       
| C4         0.1uF       
| C5         1uF         
| C6         Crfy        
| C7         0.1uF       
| C8         1uF         
| C9         1uF         
| C10        2.2uF       
| C11        0.1uF       
| C12        0.1uF       
| C13        Cpwo        
| C14        100uF       
| D1         1N4001      
| D2         1N4148      
| D3         1N4148      
| D4         1N4148      
| D5         1N4148      
| D6         1N4148      
| D7         1N4148      
| D8         LED         
| JP1        R_RFRCRTY   
| JP2        NORM        
| JP3        C_RFRCRTY   
| JP4        47K         
| JP5        bypass      
| JP6        100K        
| JP7        NORM        
| JP8        47K         
| JP9        bypass      
| JP10       TP          
| JP11       100K        
| JP12       NORM        
| JP13       bypass      
| JP14       47K         
| JP15       BLEED_R     
| JP16       CHARGE_C    
| JP17       R_PW_OUT    
| JP18       100K        
| JP19       OUT_LED     
| JP20       C_PW_OUT    
| JP21       CAPout      
| K1         dendrite_A  
| K2         dendrite_B  
| K3         dendrite_C  
| P1         5V          
| P2         5V          
| P3         axon_A      
| P4         axon_B      
| P5         axon_C      
| R1         51K         
| R2         R_rfrctry   
| R3         27K         
| R4         Rpwo        
| R5         100K        
| R6         470K        
| R7         1K          
| Rpack1     10K         
| Rpack2     10K_pu      
| Rpack3     47K         
| Rpack4     100K        
| RV1        POT         
| U1         LM311N      
| U2         556         
#End Cmp

#Cmp ( order = Value )
| 0.1uF        C2        
| 0.1uF        C3        
| 0.1uF        C4        
| 0.1uF        C7        
| 0.1uF        C11       
| 0.1uF        C12       
| 100K         JP6       
| 100K         JP11      
| 100K         JP18      
| 100K         R5        
| 100K         Rpack4    
| 100uF        C14       
| 10K          Rpack1    
| 10K_pu       Rpack2    
| 10uF         C1        
| 1K           R7        
| 1N4001       D1        
| 1N4148       D2        
| 1N4148       D3        
| 1N4148       D4        
| 1N4148       D5        
| 1N4148       D6        
| 1N4148       D7        
| 1uF          C5        
| 1uF          C8        
| 1uF          C9        
| 2.2uF        C10       
| 27K          R3        
| 470K         R6        
| 47K          JP4       
| 47K          JP8       
| 47K          JP14      
| 47K          Rpack3    
| 51K          R1        
| 556          U2        
| 5V           P1        
| 5V           P2        
| axon_A       P3        
| axon_B       P4        
| axon_C       P5        
| BLEED_R      JP15      
| bypass       JP5       
| bypass       JP9       
| bypass       JP13      
| C_PW_OUT     JP20      
| C_RFRCRTY    JP3       
| CAPout       JP21      
| CHARGE_C     JP16      
| Cpwo         C13       
| Crfy         C6        
| dendrite_A   K1        
| dendrite_B   K2        
| dendrite_C   K3        
| LED          D8        
| LM311N       U1        
| NORM         JP2       
| NORM         JP7       
| NORM         JP12      
| OUT_LED      JP19      
| POT          RV1       
| R_PW_OUT     JP17      
| R_RFRCRTY    JP1       
| R_rfrctry    R2        
| Rpwo         R4        
| TP           JP10      
#End Cmp

#End List
